---
source: src/main.rs
expression: parse_result
---
ParseResult {
    program: Program {
        uid: 2,
        loc: (
            (
                1,
                1,
            ),
            (
                1,
                1,
            ),
        ),
        statements: [
            Declaration(
                Declaration {
                    uid: 3,
                    loc: (
                        (
                            1,
                            1,
                        ),
                        (
                            1,
                            11,
                        ),
                    ),
                    id: Identifier {
                        uid: 4,
                        loc: (
                            (
                                1,
                                5,
                            ),
                            (
                                1,
                                5,
                            ),
                        ),
                        value: "x",
                        scope: 1,
                    },
                    value: Number(
                        Number {
                            uid: 5,
                            loc: (
                                (
                                    1,
                                    9,
                                ),
                                (
                                    1,
                                    10,
                                ),
                            ),
                            value: "12",
                        },
                    ),
                    scope: 1,
                },
            ),
        ],
        scope: 1,
    },
    scopes: {
        1: Global {
            bindings: {
                "x": 3,
            },
        },
    },
}
